Archive member included because of file (symbol)

/usr/lib/gcc/avr/4.7.2/avr4/libgcc.a(_exit.o)
                              /usr/lib/gcc/avr/4.7.2/../../../../avr/lib/avr4/crtm8.o (exit)
/usr/lib/gcc/avr/4.7.2/avr4/libgcc.a(_copy_data.o)
                              ./main.o (__do_copy_data)
/usr/lib/gcc/avr/4.7.2/../../../../avr/lib/avr4/libc.a(sprintf.o)
                              ./main.o (sprintf)
/usr/lib/gcc/avr/4.7.2/../../../../avr/lib/avr4/libc.a(vfprintf_std.o)
                              /usr/lib/gcc/avr/4.7.2/../../../../avr/lib/avr4/libc.a(sprintf.o) (vfprintf)
/usr/lib/gcc/avr/4.7.2/../../../../avr/lib/avr4/libc.a(strnlen_P.o)
                              /usr/lib/gcc/avr/4.7.2/../../../../avr/lib/avr4/libc.a(vfprintf_std.o) (strnlen_P)
/usr/lib/gcc/avr/4.7.2/../../../../avr/lib/avr4/libc.a(strnlen.o)
                              /usr/lib/gcc/avr/4.7.2/../../../../avr/lib/avr4/libc.a(vfprintf_std.o) (strnlen)
/usr/lib/gcc/avr/4.7.2/../../../../avr/lib/avr4/libc.a(fputc.o)
                              /usr/lib/gcc/avr/4.7.2/../../../../avr/lib/avr4/libc.a(vfprintf_std.o) (fputc)
/usr/lib/gcc/avr/4.7.2/../../../../avr/lib/avr4/libc.a(ultoa_invert.o)
                              /usr/lib/gcc/avr/4.7.2/../../../../avr/lib/avr4/libc.a(vfprintf_std.o) (__ultoa_invert)
/usr/lib/gcc/avr/4.7.2/avr4/libgcc.a(_prologue.o)
                              /usr/lib/gcc/avr/4.7.2/../../../../avr/lib/avr4/libc.a(sprintf.o) (__prologue_saves__)
/usr/lib/gcc/avr/4.7.2/avr4/libgcc.a(_epilogue.o)
                              /usr/lib/gcc/avr/4.7.2/../../../../avr/lib/avr4/libc.a(sprintf.o) (__epilogue_restores__)

Memory Configuration

Name             Origin             Length             Attributes
text             0x00000000         0x00002000         xr
data             0x00800060         0x0000ffa0         rw !x
eeprom           0x00810000         0x00010000         rw !x
fuse             0x00820000         0x00000400         rw !x
lock             0x00830000         0x00000400         rw !x
signature        0x00840000         0x00000400         rw !x
*default*        0x00000000         0xffffffff

Linker script and memory map

LOAD /usr/lib/gcc/avr/4.7.2/../../../../avr/lib/avr4/crtm8.o
LOAD ./main.o
LOAD /usr/lib/gcc/avr/4.7.2/avr4/libgcc.a
LOAD /usr/lib/gcc/avr/4.7.2/../../../../avr/lib/avr4/libc.a
LOAD /usr/lib/gcc/avr/4.7.2/avr4/libgcc.a

.hash
 *(.hash)

.dynsym
 *(.dynsym)

.dynstr
 *(.dynstr)

.gnu.version
 *(.gnu.version)

.gnu.version_d
 *(.gnu.version_d)

.gnu.version_r
 *(.gnu.version_r)

.rel.init
 *(.rel.init)

.rela.init
 *(.rela.init)

.rel.text
 *(.rel.text)
 *(.rel.text.*)
 *(.rel.gnu.linkonce.t*)

.rela.text
 *(.rela.text)
 *(.rela.text.*)
 *(.rela.gnu.linkonce.t*)

.rel.fini
 *(.rel.fini)

.rela.fini
 *(.rela.fini)

.rel.rodata
 *(.rel.rodata)
 *(.rel.rodata.*)
 *(.rel.gnu.linkonce.r*)

.rela.rodata
 *(.rela.rodata)
 *(.rela.rodata.*)
 *(.rela.gnu.linkonce.r*)

.rel.data
 *(.rel.data)
 *(.rel.data.*)
 *(.rel.gnu.linkonce.d*)

.rela.data
 *(.rela.data)
 *(.rela.data.*)
 *(.rela.gnu.linkonce.d*)

.rel.ctors
 *(.rel.ctors)

.rela.ctors
 *(.rela.ctors)

.rel.dtors
 *(.rel.dtors)

.rela.dtors
 *(.rela.dtors)

.rel.got
 *(.rel.got)

.rela.got
 *(.rela.got)

.rel.bss
 *(.rel.bss)

.rela.bss
 *(.rela.bss)

.rel.plt
 *(.rel.plt)

.rela.plt
 *(.rela.plt)

.text           0x00000000      0xb08
 *(.vectors)
 .vectors       0x00000000       0x26 /usr/lib/gcc/avr/4.7.2/../../../../avr/lib/avr4/crtm8.o
                0x00000000                __vectors
                0x00000000                __vector_default
 *(.vectors)
 *(.progmem.gcc*)
 *(.progmem*)
                0x00000026                . = ALIGN (0x2)
                0x00000026                __trampolines_start = .
 *(.trampolines)
 .trampolines   0x00000026        0x0 linker stubs
 *(.trampolines*)
                0x00000026                __trampolines_end = .
 *(.jumptables)
 *(.jumptables*)
 *(.lowtext)
 *(.lowtext*)
                0x00000026                __ctors_start = .
 *(.ctors)
                0x00000026                __ctors_end = .
                0x00000026                __dtors_start = .
 *(.dtors)
                0x00000026                __dtors_end = .
 SORT(*)(.ctors)
 SORT(*)(.dtors)
 *(.init0)
 .init0         0x00000026        0x0 /usr/lib/gcc/avr/4.7.2/../../../../avr/lib/avr4/crtm8.o
                0x00000026                __init
 *(.init0)
 *(.init1)
 *(.init1)
 *(.init2)
 .init2         0x00000026        0xc /usr/lib/gcc/avr/4.7.2/../../../../avr/lib/avr4/crtm8.o
 *(.init2)
 *(.init3)
 *(.init3)
 *(.init4)
 .init4         0x00000032       0x16 /usr/lib/gcc/avr/4.7.2/avr4/libgcc.a(_copy_data.o)
                0x00000032                __do_copy_data
 *(.init4)
 *(.init5)
 *(.init5)
 *(.init6)
 *(.init6)
 *(.init7)
 *(.init7)
 *(.init8)
 *(.init8)
 *(.init9)
 .init9         0x00000048        0x4 /usr/lib/gcc/avr/4.7.2/../../../../avr/lib/avr4/crtm8.o
 *(.init9)
 *(.text)
 .text          0x0000004c        0x2 /usr/lib/gcc/avr/4.7.2/../../../../avr/lib/avr4/crtm8.o
                0x0000004c                __vector_1
                0x0000004c                __vector_12
                0x0000004c                __bad_interrupt
                0x0000004c                __vector_6
                0x0000004c                __vector_3
                0x0000004c                __vector_11
                0x0000004c                __vector_13
                0x0000004c                __vector_17
                0x0000004c                __vector_7
                0x0000004c                __vector_5
                0x0000004c                __vector_4
                0x0000004c                __vector_9
                0x0000004c                __vector_2
                0x0000004c                __vector_15
                0x0000004c                __vector_8
                0x0000004c                __vector_14
                0x0000004c                __vector_10
                0x0000004c                __vector_16
                0x0000004c                __vector_18
 .text          0x0000004e      0x450 ./main.o
                0x0000004e                en_toggle
                0x00000064                wait_until_ready
                0x0000008a                set_command
                0x00000108                init_lcd
                0x000001ae                set_data
                0x00000218                get_data
                0x00000294                get_pos
                0x000002f2                get_pos2
                0x00000350                write_str
                0x00000366                set_pos
                0x0000036c                return_home
                0x00000372                set_cgram_addr
                0x0000037a                set_cgram_data
                0x0000037e                init_chardb
 .text          0x0000049e        0x0 /usr/lib/gcc/avr/4.7.2/avr4/libgcc.a(_exit.o)
 .text          0x0000049e        0x0 /usr/lib/gcc/avr/4.7.2/avr4/libgcc.a(_copy_data.o)
 .text          0x0000049e        0x0 /usr/lib/gcc/avr/4.7.2/../../../../avr/lib/avr4/libc.a(sprintf.o)
 .text          0x0000049e        0x0 /usr/lib/gcc/avr/4.7.2/../../../../avr/lib/avr4/libc.a(vfprintf_std.o)
 .text          0x0000049e        0x0 /usr/lib/gcc/avr/4.7.2/../../../../avr/lib/avr4/libc.a(strnlen_P.o)
 .text          0x0000049e        0x0 /usr/lib/gcc/avr/4.7.2/../../../../avr/lib/avr4/libc.a(strnlen.o)
 .text          0x0000049e        0x0 /usr/lib/gcc/avr/4.7.2/../../../../avr/lib/avr4/libc.a(fputc.o)
 .text          0x0000049e        0x0 /usr/lib/gcc/avr/4.7.2/../../../../avr/lib/avr4/libc.a(ultoa_invert.o)
 .text          0x0000049e        0x0 /usr/lib/gcc/avr/4.7.2/avr4/libgcc.a(_prologue.o)
 .text          0x0000049e        0x0 /usr/lib/gcc/avr/4.7.2/avr4/libgcc.a(_epilogue.o)
                0x0000049e                . = ALIGN (0x2)
 *(.text.*)
 .text.startup  0x0000049e       0xe0 ./main.o
                0x0000049e                main
 .text.libgcc.mul
                0x0000057e        0x0 /usr/lib/gcc/avr/4.7.2/avr4/libgcc.a(_exit.o)
 .text.libgcc.div
                0x0000057e        0x0 /usr/lib/gcc/avr/4.7.2/avr4/libgcc.a(_exit.o)
 .text.libgcc   0x0000057e        0x0 /usr/lib/gcc/avr/4.7.2/avr4/libgcc.a(_exit.o)
 .text.libgcc.prologue
                0x0000057e        0x0 /usr/lib/gcc/avr/4.7.2/avr4/libgcc.a(_exit.o)
 .text.libgcc.builtins
                0x0000057e        0x0 /usr/lib/gcc/avr/4.7.2/avr4/libgcc.a(_exit.o)
 .text.libgcc.fmul
                0x0000057e        0x0 /usr/lib/gcc/avr/4.7.2/avr4/libgcc.a(_exit.o)
 .text.libgcc.mul
                0x0000057e        0x0 /usr/lib/gcc/avr/4.7.2/avr4/libgcc.a(_copy_data.o)
 .text.libgcc.div
                0x0000057e        0x0 /usr/lib/gcc/avr/4.7.2/avr4/libgcc.a(_copy_data.o)
 .text.libgcc   0x0000057e        0x0 /usr/lib/gcc/avr/4.7.2/avr4/libgcc.a(_copy_data.o)
 .text.libgcc.prologue
                0x0000057e        0x0 /usr/lib/gcc/avr/4.7.2/avr4/libgcc.a(_copy_data.o)
 .text.libgcc.builtins
                0x0000057e        0x0 /usr/lib/gcc/avr/4.7.2/avr4/libgcc.a(_copy_data.o)
 .text.libgcc.fmul
                0x0000057e        0x0 /usr/lib/gcc/avr/4.7.2/avr4/libgcc.a(_copy_data.o)
 .text.avr-libc
                0x0000057e       0x3e /usr/lib/gcc/avr/4.7.2/../../../../avr/lib/avr4/libc.a(sprintf.o)
                0x0000057e                sprintf
 .text.avr-libc
                0x000005bc      0x39a /usr/lib/gcc/avr/4.7.2/../../../../avr/lib/avr4/libc.a(vfprintf_std.o)
                0x000005bc                vfprintf
 .text.avr-libc
                0x00000956       0x16 /usr/lib/gcc/avr/4.7.2/../../../../avr/lib/avr4/libc.a(strnlen_P.o)
                0x00000956                strnlen_P
 .text.avr-libc
                0x0000096c       0x16 /usr/lib/gcc/avr/4.7.2/../../../../avr/lib/avr4/libc.a(strnlen.o)
                0x0000096c                strnlen
 .text.avr-libc
                0x00000982       0x58 /usr/lib/gcc/avr/4.7.2/../../../../avr/lib/avr4/libc.a(fputc.o)
                0x00000982                fputc
 .text.avr-libc
                0x000009da       0xbc /usr/lib/gcc/avr/4.7.2/../../../../avr/lib/avr4/libc.a(ultoa_invert.o)
                0x000009da                __ultoa_invert
 .text.libgcc.mul
                0x00000a96        0x0 /usr/lib/gcc/avr/4.7.2/avr4/libgcc.a(_prologue.o)
 .text.libgcc.div
                0x00000a96        0x0 /usr/lib/gcc/avr/4.7.2/avr4/libgcc.a(_prologue.o)
 .text.libgcc   0x00000a96        0x0 /usr/lib/gcc/avr/4.7.2/avr4/libgcc.a(_prologue.o)
 .text.libgcc.prologue
                0x00000a96       0x38 /usr/lib/gcc/avr/4.7.2/avr4/libgcc.a(_prologue.o)
                0x00000a96                __prologue_saves__
 .text.libgcc.builtins
                0x00000ace        0x0 /usr/lib/gcc/avr/4.7.2/avr4/libgcc.a(_prologue.o)
 .text.libgcc.fmul
                0x00000ace        0x0 /usr/lib/gcc/avr/4.7.2/avr4/libgcc.a(_prologue.o)
 .text.libgcc.mul
                0x00000ace        0x0 /usr/lib/gcc/avr/4.7.2/avr4/libgcc.a(_epilogue.o)
 .text.libgcc.div
                0x00000ace        0x0 /usr/lib/gcc/avr/4.7.2/avr4/libgcc.a(_epilogue.o)
 .text.libgcc   0x00000ace        0x0 /usr/lib/gcc/avr/4.7.2/avr4/libgcc.a(_epilogue.o)
 .text.libgcc.prologue
                0x00000ace       0x36 /usr/lib/gcc/avr/4.7.2/avr4/libgcc.a(_epilogue.o)
                0x00000ace                __epilogue_restores__
 .text.libgcc.builtins
                0x00000b04        0x0 /usr/lib/gcc/avr/4.7.2/avr4/libgcc.a(_epilogue.o)
 .text.libgcc.fmul
                0x00000b04        0x0 /usr/lib/gcc/avr/4.7.2/avr4/libgcc.a(_epilogue.o)
                0x00000b04                . = ALIGN (0x2)
 *(.fini9)
 .fini9         0x00000b04        0x0 /usr/lib/gcc/avr/4.7.2/avr4/libgcc.a(_exit.o)
                0x00000b04                exit
                0x00000b04                _exit
 *(.fini9)
 *(.fini8)
 *(.fini8)
 *(.fini7)
 *(.fini7)
 *(.fini6)
 *(.fini6)
 *(.fini5)
 *(.fini5)
 *(.fini4)
 *(.fini4)
 *(.fini3)
 *(.fini3)
 *(.fini2)
 *(.fini2)
 *(.fini1)
 *(.fini1)
 *(.fini0)
 .fini0         0x00000b04        0x4 /usr/lib/gcc/avr/4.7.2/avr4/libgcc.a(_exit.o)
 *(.fini0)
                0x00000b08                _etext = .

.data           0x00800060       0x14 load address 0x00000b08
                0x00800060                PROVIDE (__data_start, .)
 *(.data)
 .data          0x00800060        0x0 /usr/lib/gcc/avr/4.7.2/../../../../avr/lib/avr4/crtm8.o
 .data          0x00800060        0x0 ./main.o
 .data          0x00800060        0x0 /usr/lib/gcc/avr/4.7.2/avr4/libgcc.a(_exit.o)
 .data          0x00800060        0x0 /usr/lib/gcc/avr/4.7.2/avr4/libgcc.a(_copy_data.o)
 .data          0x00800060        0x0 /usr/lib/gcc/avr/4.7.2/../../../../avr/lib/avr4/libc.a(sprintf.o)
 .data          0x00800060        0x0 /usr/lib/gcc/avr/4.7.2/../../../../avr/lib/avr4/libc.a(vfprintf_std.o)
 .data          0x00800060        0x0 /usr/lib/gcc/avr/4.7.2/../../../../avr/lib/avr4/libc.a(strnlen_P.o)
 .data          0x00800060        0x0 /usr/lib/gcc/avr/4.7.2/../../../../avr/lib/avr4/libc.a(strnlen.o)
 .data          0x00800060        0x0 /usr/lib/gcc/avr/4.7.2/../../../../avr/lib/avr4/libc.a(fputc.o)
 .data          0x00800060        0x0 /usr/lib/gcc/avr/4.7.2/../../../../avr/lib/avr4/libc.a(ultoa_invert.o)
 .data          0x00800060        0x0 /usr/lib/gcc/avr/4.7.2/avr4/libgcc.a(_prologue.o)
 .data          0x00800060        0x0 /usr/lib/gcc/avr/4.7.2/avr4/libgcc.a(_epilogue.o)
 *(.data*)
 *(.rodata)
 *(.rodata*)
 .rodata.str1.1
                0x00800060       0x14 ./main.o
 *(.gnu.linkonce.d*)
                0x00800074                . = ALIGN (0x2)
                0x00800074                _edata = .
                0x00800074                PROVIDE (__data_end, .)

.bss            0x00800074        0x0
                0x00800074                PROVIDE (__bss_start, .)
 *(.bss)
 .bss           0x00800074        0x0 /usr/lib/gcc/avr/4.7.2/../../../../avr/lib/avr4/crtm8.o
 .bss           0x00800074        0x0 ./main.o
 .bss           0x00800074        0x0 /usr/lib/gcc/avr/4.7.2/avr4/libgcc.a(_exit.o)
 .bss           0x00800074        0x0 /usr/lib/gcc/avr/4.7.2/avr4/libgcc.a(_copy_data.o)
 .bss           0x00800074        0x0 /usr/lib/gcc/avr/4.7.2/../../../../avr/lib/avr4/libc.a(sprintf.o)
 .bss           0x00800074        0x0 /usr/lib/gcc/avr/4.7.2/../../../../avr/lib/avr4/libc.a(vfprintf_std.o)
 .bss           0x00800074        0x0 /usr/lib/gcc/avr/4.7.2/../../../../avr/lib/avr4/libc.a(strnlen_P.o)
 .bss           0x00800074        0x0 /usr/lib/gcc/avr/4.7.2/../../../../avr/lib/avr4/libc.a(strnlen.o)
 .bss           0x00800074        0x0 /usr/lib/gcc/avr/4.7.2/../../../../avr/lib/avr4/libc.a(fputc.o)
 .bss           0x00800074        0x0 /usr/lib/gcc/avr/4.7.2/../../../../avr/lib/avr4/libc.a(ultoa_invert.o)
 .bss           0x00800074        0x0 /usr/lib/gcc/avr/4.7.2/avr4/libgcc.a(_prologue.o)
 .bss           0x00800074        0x0 /usr/lib/gcc/avr/4.7.2/avr4/libgcc.a(_epilogue.o)
 *(.bss*)
 *(COMMON)
                0x00800074                PROVIDE (__bss_end, .)
                0x00000b08                __data_load_start = LOADADDR (.data)
                0x00000b1c                __data_load_end = (__data_load_start + SIZEOF (.data))

.noinit         0x00800074        0x0
                0x00800074                PROVIDE (__noinit_start, .)
 *(.noinit*)
                0x00800074                PROVIDE (__noinit_end, .)
                0x00800074                _end = .
                0x00800074                PROVIDE (__heap_start, .)

.eeprom         0x00810000        0x0
 *(.eeprom*)
                0x00810000                __eeprom_end = .

.fuse
 *(.fuse)
 *(.lfuse)
 *(.hfuse)
 *(.efuse)

.lock
 *(.lock*)

.signature
 *(.signature*)

.stab           0x00000000     0x33f0
 *(.stab)
 .stab          0x00000000      0x6cc /usr/lib/gcc/avr/4.7.2/../../../../avr/lib/avr4/crtm8.o
 .stab          0x000006cc     0x1338 ./main.o
                               0x1344 (size before relaxing)
 .stab          0x00001a04       0x6c /usr/lib/gcc/avr/4.7.2/avr4/libgcc.a(_exit.o)
                                 0x78 (size before relaxing)
 .stab          0x00001a70       0xd8 /usr/lib/gcc/avr/4.7.2/avr4/libgcc.a(_copy_data.o)
                                 0xe4 (size before relaxing)
 .stab          0x00001b48      0x390 /usr/lib/gcc/avr/4.7.2/../../../../avr/lib/avr4/libc.a(sprintf.o)
                                0x3d8 (size before relaxing)
 .stab          0x00001ed8      0xa44 /usr/lib/gcc/avr/4.7.2/../../../../avr/lib/avr4/libc.a(vfprintf_std.o)
                                0xc24 (size before relaxing)
 .stab          0x0000291c       0x9c /usr/lib/gcc/avr/4.7.2/../../../../avr/lib/avr4/libc.a(strnlen_P.o)
                                 0xa8 (size before relaxing)
 .stab          0x000029b8       0x9c /usr/lib/gcc/avr/4.7.2/../../../../avr/lib/avr4/libc.a(strnlen.o)
                                 0xa8 (size before relaxing)
 .stab          0x00002a54      0x1d4 /usr/lib/gcc/avr/4.7.2/../../../../avr/lib/avr4/libc.a(fputc.o)
                                0x3b4 (size before relaxing)
 .stab          0x00002c28      0x480 /usr/lib/gcc/avr/4.7.2/../../../../avr/lib/avr4/libc.a(ultoa_invert.o)
                                0x48c (size before relaxing)
 .stab          0x000030a8      0x1a4 /usr/lib/gcc/avr/4.7.2/avr4/libgcc.a(_prologue.o)
                                0x1b0 (size before relaxing)
 .stab          0x0000324c      0x1a4 /usr/lib/gcc/avr/4.7.2/avr4/libgcc.a(_epilogue.o)
                                0x1b0 (size before relaxing)

.stabstr        0x00000000     0x1451
 *(.stabstr)
 .stabstr       0x00000000     0x1451 /usr/lib/gcc/avr/4.7.2/../../../../avr/lib/avr4/crtm8.o

.stab.excl
 *(.stab.excl)

.stab.exclstr
 *(.stab.exclstr)

.stab.index
 *(.stab.index)

.stab.indexstr
 *(.stab.indexstr)

.comment        0x00000000       0x21
 *(.comment)
 .comment       0x00000000       0x21 ./main.o
                                 0x22 (size before relaxing)
 .comment       0x00000000       0x22 /usr/lib/gcc/avr/4.7.2/../../../../avr/lib/avr4/libc.a(sprintf.o)
 .comment       0x00000000       0x22 /usr/lib/gcc/avr/4.7.2/../../../../avr/lib/avr4/libc.a(vfprintf_std.o)
 .comment       0x00000000       0x22 /usr/lib/gcc/avr/4.7.2/../../../../avr/lib/avr4/libc.a(fputc.o)

.debug
 *(.debug)

.line
 *(.line)

.debug_srcinfo
 *(.debug_srcinfo)

.debug_sfnames
 *(.debug_sfnames)

.debug_aranges
 *(.debug_aranges)

.debug_pubnames
 *(.debug_pubnames)

.debug_info
 *(.debug_info)
 *(.gnu.linkonce.wi.*)

.debug_abbrev
 *(.debug_abbrev)

.debug_line
 *(.debug_line)

.debug_frame
 *(.debug_frame)

.debug_str
 *(.debug_str)

.debug_loc
 *(.debug_loc)

.debug_macinfo
 *(.debug_macinfo)

.debug_pubtypes
 *(.debug_pubtypes)

.debug_ranges
 *(.debug_ranges)

.debug_macro
 *(.debug_macro)
OUTPUT(lcd_2.elf elf32-avr)
LOAD linker stubs
